 
 gcc -g p2final.c
 gdb a.out
GNU gdb (Ubuntu 8.1.1-0ubuntu1) 8.1.1
Copyright (C) 2018 Free Software Foundation, Inc.
License GPLv3+: GNU GPL version 3 or later <http://gnu.org/licenses/gpl.html>
This is free software: you are free to change and redistribute it.
There is NO WARRANTY, to the extent permitted by law.  Type "show copying"
and "show warranty" for details.
This GDB was configured as "x86_64-linux-gnu".
Type "show configuration" for configuration details.
For bug reporting instructions, please see:
<http://www.gnu.org/software/gdb/bugs/>.
Find the GDB manual and other documentation resources online at:
<http://www.gnu.org/software/gdb/documentation/>.
For help, type "help".
Type "apropos word" to search for commands related to "word"...
Reading symbols from a.out...done.
(gdb) b main
Breakpoint 1 at 0x806: file p2final.c, line 33.
(gdb) r
Starting program: /home/runner/IA2-Test1-Session2/a.out 
warning: Error disabling address space randomization: Operation not permitted

Breakpoint 1, main () at p2final.c:33
33    a=input_side();
(gdb) s
input_side () at p2final.c:3
3   {
(gdb) n
5     printf("Enter three sides of triangle: ");
(gdb) n
6     scanf("%d", &a);
(gdb) n
Enter three sides of triangle: 3
7     return a;
(gdb) n
8   }
(gdb) n
main () at p2final.c:34
34    b=input_side();
(gdb) s
input_side () at p2final.c:3
3   {
(gdb) n
5     printf("Enter three sides of triangle: ");
(gdb) n
6     scanf("%d", &a);
(gdb) 
Enter three sides of triangle: 5
7     return a;
(gdb) n
8   }
(gdb) n
main () at p2final.c:35
35    c=input_side();
(gdb) s
input_side () at p2final.c:3
3   {
(gdb) n
5     printf("Enter three sides of triangle: ");
(gdb) n
6     scanf("%d", &a);
(gdb) n
Enter three sides of triangle: 6
7     return a;
(gdb) n
8   }
(gdb) n
main () at p2final.c:36
36    isscalene=check_scalene( a,  b,  c);
(gdb) s
check_scalene (a=3, b=5, c=6) at p2final.c:12
12  if(a!=b && b!=c && a!=c) 
(gdb) n
14  isscalene=a;
(gdb) n
18  }
(gdb) n
main () at p2final.c:37
37    output( a,  b,  c, isscalene);
(gdb) s
output (a=3, b=5, c=6, isscalene=3) at p2final.c:21
21    if(isscalene==a)
(gdb) n
23    printf("The triangle with sides %d,%d,%d is scalene:\n",a,b,c);
(gdb) n
The triangle with sides 3,5,6 is scalene:
29  }
(gdb) n
main () at p2final.c:38
38      return 0;
(gdb) n
39  }(gdb) q
A debugging session is active.

    Inferior 1 [process 515] will be killed.

Quit anyway? (y or n) y